// Jest Snapshot v1, https://goo.gl/fbAQLP

exports[` debe de hacer match con el snapshot 1`] = `
<div class="entry-container mb-3 pointer p-2">
  <!--TÃ­tulo-->
  <div class="entry-title d-flex"><span class="text-success fs-5 fw-bold">23</span><span class="mx-1 fs-5">Junio</span><span class="mx-2 fw-light">2022, Jueves</span></div>
  <div class="entry-description">Estos meses tengo mucho por aprender</div>
</div>
`;
