// Jest Snapshot v1, https://goo.gl/fbAQLP

exports[`Pruebas en el FAB component debe de mostrar el Ã­cono por defecto 1`] = `<button class="btn btn-primary"><i class="fa fa-2x fa-plus"></i></button>`;
